// Jest Snapshot v1, https://goo.gl/fbAQLP

exports[`Detail renders properly 1`] = `
<div class="detail">
  <!--v-if-->
  <div class="cat"><a class="bold clickable">« back</a><br>
    <h1 class="title">catDetail undefined</h1><img class="cat-image">
    <table>
      <tr>
        <td class="bold">description</td>
        <td class="detail description"></td>
      </tr>
      <tr>
        <td class="bold">maximumWeight</td>
        <td class="detail weight"></td>
      </tr>
      <tr>
        <td class="bold">averageLifespan</td>
        <td class="detail life-span"></td>
      </tr>
      <tr>
        <td class="bold">origin</td>
        <td class="detail gmap">
          <!--v-if-->
        </td>
      </tr>
    </table>
  </div>
</div>
`;
